WARN  deprecated: project config key languageCode was deprecated in Hugo v0.158.0 and will be removed in a future release. Use locale instead.
Watching for changes in /Users/blegros/Projects/legros.dev/archetypes, /Users/blegros/Projects/legros.dev/assets/{css,images,js}, /Users/blegros/Projects/legros.dev/content/{blog,resume}, /Users/blegros/Projects/legros.dev/data, /Users/blegros/Projects/legros.dev/i18n, /Users/blegros/Projects/legros.dev/layouts/{_partials,resume}, /Users/blegros/Projects/legros.dev/static/js, /Users/blegros/Projects/legros.dev/themes/hugo-simple/archetypes, /Users/blegros/Projects/legros.dev/themes/hugo-simple/assets, /Users/blegros/Projects/legros.dev/themes/hugo-simple/i18n, ... and 2 more
Watching for config changes in /Users/blegros/Projects/legros.dev/hugo.toml, /Users/blegros/Projects/legros.dev/themes/hugo-simple/hugo.toml
Start building sites … 
hugo v0.164.0+extended+withdeploy darwin/arm64 BuildDate=2026-07-06T16:39:30Z VendorInfo=Homebrew

WARN  deprecated: .Language.LanguageCode was deprecated in Hugo v0.158.0 and will be removed in a future release. Use .Language.Locale instead.

                  │ EN 
──────────────────┼────
 Pages            │  8 
 Paginator pages  │  0 
 Non-page files   │  0 
 Static files     │  2 
 Processed images │  8 
 Aliases          │  2 
 Cleaned          │  0 

Built in 4 ms
Environment: "development"
Serving pages from disk
Running in Fast Render Mode. For full rebuilds on change: hugo server --disableFastRender
Web Server is available at http://localhost:1313/ (bind address 127.0.0.1) 
Press Ctrl+C to stop

Change detected, rebuilding site (#1).
2026-07-25 19:57:49.184 -0400
Asset changed /css/resume.css
Web Server is available at http://localhost:1313/ (bind address 127.0.0.1)
Total in 2 ms

Change detected, rebuilding site (#2).
2026-07-25 19:58:00.684 -0400
Template changed /resume/list.html
Web Server is available at http://localhost:1313/ (bind address 127.0.0.1)
Total in 3 ms

Change detected, rebuilding site (#3).
2026-07-25 19:58:03.684 -0400
Template changed /resume/list.html
Web Server is available at http://localhost:1313/ (bind address 127.0.0.1)
Total in 3 ms

Change detected, rebuilding site (#4).
2026-07-25 19:58:54.684 -0400
Asset changed /css/resume.css
Web Server is available at http://localhost:1313/ (bind address 127.0.0.1)
Total in 2 ms

Change detected, rebuilding site (#5).
2026-07-25 19:58:59.684 -0400
Template changed /resume/list.html
Web Server is available at http://localhost:1313/ (bind address 127.0.0.1)
Total in 7 ms

Change detected, rebuilding site (#6).
2026-07-25 19:59:03.684 -0400
Template changed /resume/list.html
Web Server is available at http://localhost:1313/ (bind address 127.0.0.1)
Total in 2 ms

Change detected, rebuilding site (#7).
2026-07-25 20:00:17.184 -0400
Template changed /resume/list.html
Web Server is available at http://localhost:1313/ (bind address 127.0.0.1)
Total in 9 ms

Change detected, rebuilding site (#8).
2026-07-25 20:00:24.184 -0400
Asset changed /css/resume.css
Web Server is available at http://localhost:1313/ (bind address 127.0.0.1)
Total in 1 ms

Change detected, rebuilding site (#9).
2026-07-25 20:00:40.184 -0400
Template changed /resume/list.html
Web Server is available at http://localhost:1313/ (bind address 127.0.0.1)
Total in 3 ms

Change detected, rebuilding site (#10).
2026-07-25 20:00:44.684 -0400
Asset changed /css/resume.css
Web Server is available at http://localhost:1313/ (bind address 127.0.0.1)
Total in 1 ms

Change detected, rebuilding site (#11).
2026-07-25 20:01:01.184 -0400
Template changed /resume/list.html
Web Server is available at http://localhost:1313/ (bind address 127.0.0.1)
Total in 2 ms

Change detected, rebuilding site (#12).
2026-07-25 20:04:05.183 -0400
Template changed /resume/list.html
Web Server is available at http://localhost:1313/ (bind address 127.0.0.1)
Total in 3 ms

Change detected, rebuilding site (#13).
2026-07-25 20:04:09.683 -0400
Asset changed /css/resume.css
Web Server is available at http://localhost:1313/ (bind address 127.0.0.1)
Total in 1 ms

Change detected, rebuilding site (#14).
2026-07-25 20:04:19.683 -0400
Asset changed /css/resume.css
Web Server is available at http://localhost:1313/ (bind address 127.0.0.1)
Total in 1 ms

Change detected, rebuilding site (#15).
2026-07-25 20:04:24.183 -0400
Template changed /resume/list.html
Web Server is available at http://localhost:1313/ (bind address 127.0.0.1)
Total in 3 ms

Change detected, rebuilding site (#16).
2026-07-25 20:05:50.683 -0400
Asset changed /css/resume.css
Web Server is available at http://localhost:1313/ (bind address 127.0.0.1)
Total in 1 ms

Change detected, rebuilding site (#17).
2026-07-25 20:06:03.682 -0400
Asset changed /css/resume.css
Web Server is available at http://localhost:1313/ (bind address 127.0.0.1)
Total in 2 ms

Change detected, rebuilding site (#18).
2026-07-25 20:06:07.182 -0400
Asset changed /css/resume.css
Web Server is available at http://localhost:1313/ (bind address 127.0.0.1)
Total in 1 ms

Change detected, rebuilding site (#19).
2026-07-25 20:06:17.183 -0400
Asset changed /css/resume.css
Web Server is available at http://localhost:1313/ (bind address 127.0.0.1)
Total in 1 ms

Change detected, rebuilding site (#20).
2026-07-25 20:09:03.182 -0400
Template changed /resume/list.html
Web Server is available at http://localhost:1313/ (bind address 127.0.0.1)
Total in 7 ms

Change detected, rebuilding site (#21).
2026-07-25 20:09:07.182 -0400
Asset changed /css/resume.css
Web Server is available at http://localhost:1313/ (bind address 127.0.0.1)
Total in 1 ms

Change detected, rebuilding site (#22).
2026-07-25 20:09:10.682 -0400
Template changed /resume/list.html
Web Server is available at http://localhost:1313/ (bind address 127.0.0.1)
Total in 3 ms

Change detected, rebuilding site (#23).
2026-07-25 20:09:33.182 -0400
Asset changed /css/resume.css
Web Server is available at http://localhost:1313/ (bind address 127.0.0.1)
Total in 1 ms

Change detected, rebuilding site (#24).
2026-07-25 20:09:36.682 -0400
Asset changed /css/resume.css
Web Server is available at http://localhost:1313/ (bind address 127.0.0.1)
Total in 1 ms

Change detected, rebuilding site (#25).
2026-07-25 20:12:42.182 -0400
Asset changed /css/resume.css
Web Server is available at http://localhost:1313/ (bind address 127.0.0.1)
Total in 1 ms

Change detected, rebuilding site (#26).
2026-07-25 20:12:47.681 -0400
Asset changed /css/resume.css
Web Server is available at http://localhost:1313/ (bind address 127.0.0.1)
Total in 1 ms

Change detected, rebuilding site (#27).
2026-07-25 20:13:00.181 -0400
Asset changed /css/resume.css
Web Server is available at http://localhost:1313/ (bind address 127.0.0.1)
Total in 1 ms

Change detected, rebuilding site (#28).
2026-07-25 20:15:01.681 -0400
Asset changed /css/resume.css
Web Server is available at http://localhost:1313/ (bind address 127.0.0.1)
Total in 2 ms

Change detected, rebuilding site (#29).
2026-07-25 20:16:12.680 -0400
Asset changed /css/resume.css
Web Server is available at http://localhost:1313/ (bind address 127.0.0.1)
Total in 1 ms

Change detected, rebuilding site (#30).
2026-07-25 20:20:22.180 -0400
Asset changed /css/resume.css
Web Server is available at http://localhost:1313/ (bind address 127.0.0.1)
Total in 1 ms

Change detected, rebuilding site (#31).
2026-07-25 20:20:39.180 -0400
Asset changed /css/resume.css
Web Server is available at http://localhost:1313/ (bind address 127.0.0.1)
Total in 1 ms

Change detected, rebuilding site (#32).
2026-07-25 20:20:56.680 -0400
Template changed /resume/list.html
Web Server is available at http://localhost:1313/ (bind address 127.0.0.1)
Total in 2 ms

Change detected, rebuilding site (#33).
2026-07-25 20:21:01.180 -0400
Asset changed /css/resume.css
Web Server is available at http://localhost:1313/ (bind address 127.0.0.1)
Total in 1 ms

Change detected, rebuilding site (#34).
2026-07-25 20:21:09.679 -0400
Template changed /resume/list.html
Web Server is available at http://localhost:1313/ (bind address 127.0.0.1)
Total in 3 ms

Change detected, rebuilding site (#35).
2026-07-25 20:24:16.179 -0400
Template changed /resume/list.html
Web Server is available at http://localhost:1313/ (bind address 127.0.0.1)
Total in 4 ms

Change detected, rebuilding site (#36).
2026-07-25 20:24:21.179 -0400
Asset changed /css/resume.css
Web Server is available at http://localhost:1313/ (bind address 127.0.0.1)
Total in 1 ms

Change detected, rebuilding site (#37).
2026-07-25 20:26:07.178 -0400
Template changed /resume/list.html
Web Server is available at http://localhost:1313/ (bind address 127.0.0.1)
Total in 3 ms

Change detected, rebuilding site (#38).
2026-07-25 20:26:15.179 -0400
Asset changed /css/resume.css
Web Server is available at http://localhost:1313/ (bind address 127.0.0.1)
Total in 2 ms

Change detected, rebuilding site (#39).
2026-07-25 20:29:38.678 -0400
Asset changed /css/resume.css
Web Server is available at http://localhost:1313/ (bind address 127.0.0.1)
Total in 1 ms

Change detected, rebuilding site (#40).
2026-07-25 20:29:52.678 -0400
Asset changed /js/resume.js
Web Server is available at http://localhost:1313/ (bind address 127.0.0.1)
Total in 1 ms

Change detected, rebuilding site (#41).
2026-07-25 20:29:58.178 -0400
Asset changed /js/resume.js
Web Server is available at http://localhost:1313/ (bind address 127.0.0.1)
Total in 1 ms

Change detected, rebuilding site (#42).
2026-07-25 20:31:31.707 -0400
Asset changed /js/resume.js
Web Server is available at http://localhost:1313/ (bind address 127.0.0.1)
Total in 2 ms
adding created directory to watchlist /Users/blegros/Projects/legros.dev/layouts/_default

Change detected, rebuilding site (#43).
2026-07-25 20:35:38.710 -0400
Template added /_default/rss.xml
Web Server is available at http://localhost:1313/ (bind address 127.0.0.1)
Total in 3 ms

Change detected, rebuilding site (#44).
2026-07-25 20:35:43.210 -0400
Template changed /_default/rss.xml
WARN  deprecated: .Language.LanguageCode was deprecated in Hugo v0.158.0 and will be removed in a future release. Use .Language.Locale instead.
Web Server is available at http://localhost:1313/ (bind address 127.0.0.1)
Total in 2 ms

Change detected, rebuilding site (#45).
2026-07-25 20:35:48.710 -0400
Template changed /_default/rss.xml
WARN  deprecated: .Language.LanguageCode was deprecated in Hugo v0.158.0 and will be removed in a future release. Use .Language.Locale instead.
Web Server is available at http://localhost:1313/ (bind address 127.0.0.1)
Total in 3 ms

Change detected, rebuilding site (#46).
2026-07-25 20:37:52.711 -0400
Template changed /_default/rss.xml
WARN  deprecated: .Language.LanguageCode was deprecated in Hugo v0.158.0 and will be removed in a future release. Use .Language.Locale instead.
Web Server is available at http://localhost:1313/ (bind address 127.0.0.1)
Total in 4 ms

Change detected, rebuilding site (#47).
2026-07-25 20:37:55.210 -0400
Source changed /blog/test-post.md
Source changed /other-post.md
WARN  deprecated: .Language.LanguageCode was deprecated in Hugo v0.158.0 and will be removed in a future release. Use .Language.Locale instead.
Web Server is available at http://localhost:1313/ (bind address 127.0.0.1)
Total in 2 ms

Change detected, rebuilding site (#48).
2026-07-25 20:37:58.211 -0400
Source changed /blog/test-post.md
Source changed /other-post.md
WARN  deprecated: .Language.LanguageCode was deprecated in Hugo v0.158.0 and will be removed in a future release. Use .Language.Locale instead.
Web Server is available at http://localhost:1313/ (bind address 127.0.0.1)
Total in 1 ms

Change detected, rebuilding site (#49).
2026-07-25 20:38:42.211 -0400
Template changed /rss.xml
WARN  deprecated: .Language.LanguageCode was deprecated in Hugo v0.158.0 and will be removed in a future release. Use .Language.Locale instead.
Web Server is available at http://localhost:1313/ (bind address 127.0.0.1)
Total in 2 ms

Change detected, rebuilding site (#50).
2026-07-25 20:38:45.211 -0400
Template changed /rss.xml
WARN  deprecated: .Language.LanguageCode was deprecated in Hugo v0.158.0 and will be removed in a future release. Use .Language.Locale instead.
Web Server is available at http://localhost:1313/ (bind address 127.0.0.1)
Total in 3 ms

Change detected, rebuilding site (#51).
2026-07-25 20:38:48.710 -0400
Template changed /rss.xml
WARN  deprecated: .Language.LanguageCode was deprecated in Hugo v0.158.0 and will be removed in a future release. Use .Language.Locale instead.
Web Server is available at http://localhost:1313/ (bind address 127.0.0.1)
Total in 3 ms

Change detected, rebuilding site (#52).
2026-07-25 20:38:51.211 -0400
Template changed /_default/rss.xml
WARN  deprecated: .Language.LanguageCode was deprecated in Hugo v0.158.0 and will be removed in a future release. Use .Language.Locale instead.
Web Server is available at http://localhost:1313/ (bind address 127.0.0.1)
Total in 4 ms

Change detected, rebuilding site (#53).
2026-07-25 20:38:54.711 -0400
Template changed /rss.xml
Web Server is available at http://localhost:1313/ (bind address 127.0.0.1)
Total in 4 ms

Change of config file detected, rebuilding site (#54).
2026-07-25 20:39:55.711 -0400
WARN  deprecated: project config key languageCode was deprecated in Hugo v0.158.0 and will be removed in a future release. Use locale instead.
Web Server is available at http://localhost:1313/ (bind address 127.0.0.1)
Rebuilt in 15 ms
adding created directory to watchlist /Users/blegros/Projects/legros.dev/content/read

Change detected, rebuilding site (#55).
2026-07-25 20:40:27.212 -0400
Source changed /blog/_index.md
Source changed /read/_index.md
Web Server is available at http://localhost:1313/ (bind address 127.0.0.1)
Total in 2 ms

Change of config file detected, rebuilding site (#56).
2026-07-25 20:40:49.212 -0400
WARN  deprecated: project config key languageCode was deprecated in Hugo v0.158.0 and will be removed in a future release. Use locale instead.
Web Server is available at http://localhost:1313/ (bind address 127.0.0.1)
Rebuilt in 22 ms

Change of config file detected, rebuilding site (#57).
2026-07-25 20:40:53.212 -0400
WARN  deprecated: project config key languageCode was deprecated in Hugo v0.158.0 and will be removed in a future release. Use locale instead.
Web Server is available at http://localhost:1313/ (bind address 127.0.0.1)
Rebuilt in 20 ms

Change detected, rebuilding site (#58).
2026-07-25 20:41:00.212 -0400
Source changed /read/_index.md
Web Server is available at http://localhost:1313/ (bind address 127.0.0.1)
Total in 1 ms
adding created directory to watchlist /Users/blegros/Projects/legros.dev/layouts/shortcodes

Change detected, rebuilding site (#59).
2026-07-25 20:50:31.715 -0400
Template added /shortcodes
Web Server is available at http://localhost:1313/ (bind address 127.0.0.1)
Total in 4 ms

Change detected, rebuilding site (#60).
2026-07-25 20:50:34.715 -0400
Template added /shortcodes/profile_img.html
Web Server is available at http://localhost:1313/ (bind address 127.0.0.1)
Total in 3 ms

Change detected, rebuilding site (#61).
2026-07-25 20:50:38.715 -0400
Source changed /_index.md
Web Server is available at http://localhost:1313/ (bind address 127.0.0.1)
Total in 77 ms

Change detected, rebuilding site (#62).
2026-07-25 20:50:44.715 -0400
Template changed /shortcodes/profile_img.html
Web Server is available at http://localhost:1313/ (bind address 127.0.0.1)
Total in 3 ms

Change detected, rebuilding site (#63).
2026-07-25 20:52:10.216 -0400
Asset changed /css/resume.css
Web Server is available at http://localhost:1313/ (bind address 127.0.0.1)
Total in 3 ms

Change detected, rebuilding site (#64).
2026-07-25 20:58:47.218 -0400
Template changed /shortcodes/profile_img.html
Web Server is available at http://localhost:1313/ (bind address 127.0.0.1)
Total in 2 ms

Change detected, rebuilding site (#65).
2026-07-25 20:58:49.718 -0400
Template changed /shortcodes/profile_img.html
Web Server is available at http://localhost:1313/ (bind address 127.0.0.1)
Total in 2 ms

Change detected, rebuilding site (#66).
2026-07-25 20:59:50.218 -0400
Template changed /shortcodes/profile_img.html
Web Server is available at http://localhost:1313/ (bind address 127.0.0.1)
Total in 3 ms

Change detected, rebuilding site (#67).
2026-07-25 21:00:31.718 -0400
Source changed /_index.md
Web Server is available at http://localhost:1313/ (bind address 127.0.0.1)
Total in 1 ms

Change detected, rebuilding site (#68).
2026-07-25 21:49:37.673 -0400
Source changed /_index.md
Web Server is available at http://localhost:1313/ (bind address 127.0.0.1)
Total in 4 ms

Change detected, rebuilding site (#69).
2026-07-25 21:49:49.171 -0400
Source changed /_index.md
Web Server is available at http://localhost:1313/ (bind address 127.0.0.1)
Total in 3 ms

Change detected, rebuilding site (#70).
2026-07-25 21:51:24.170 -0400
Source changed /_index.md
Web Server is available at http://localhost:1313/ (bind address 127.0.0.1)
Total in 4 ms

Change detected, rebuilding site (#71).
2026-07-25 21:52:50.670 -0400
Source changed /_index.md
Web Server is available at http://localhost:1313/ (bind address 127.0.0.1)
Total in 4 ms

Change detected, rebuilding site (#72).
2026-07-25 21:53:08.670 -0400
Source changed /_index.md
Web Server is available at http://localhost:1313/ (bind address 127.0.0.1)
Total in 2 ms

Change detected, rebuilding site (#73).
2026-07-25 21:53:25.170 -0400
Source changed /_index.md
Web Server is available at http://localhost:1313/ (bind address 127.0.0.1)
Total in 4 ms

Change detected, rebuilding site (#74).
2026-07-25 21:53:34.669 -0400
Source changed /_index.md
Web Server is available at http://localhost:1313/ (bind address 127.0.0.1)
Total in 2 ms

Change detected, rebuilding site (#75).
2026-07-25 21:53:43.170 -0400
Source changed /_index.md
Web Server is available at http://localhost:1313/ (bind address 127.0.0.1)
Total in 4 ms

Change detected, rebuilding site (#76).
2026-07-25 21:53:55.169 -0400
Source changed /_index.md
Web Server is available at http://localhost:1313/ (bind address 127.0.0.1)
Total in 2 ms

Change detected, rebuilding site (#77).
2026-07-25 21:54:09.669 -0400
Source changed /_index.md
Web Server is available at http://localhost:1313/ (bind address 127.0.0.1)
Total in 1 ms

Change detected, rebuilding site (#78).
2026-07-25 21:54:23.169 -0400
Source changed /_index.md
Web Server is available at http://localhost:1313/ (bind address 127.0.0.1)
Total in 4 ms

Change detected, rebuilding site (#79).
2026-07-25 21:54:29.669 -0400
Source changed /_index.md
Web Server is available at http://localhost:1313/ (bind address 127.0.0.1)
Total in 2 ms

Change detected, rebuilding site (#80).
2026-07-25 21:54:51.668 -0400
Source changed /_index.md
Web Server is available at http://localhost:1313/ (bind address 127.0.0.1)
Total in 2 ms
